// Jest Snapshot v1, https://goo.gl/fbAQLP

exports[`renders snapshot 1`] = `
<div
  className="container"
>
  <h2
    className="title"
  >
    Lorem Ipsum
  </h2>
  <div
    dangerouslySetInnerHTML={
      Object {
        "__html": "<p>Lorem ipsum dolor sit amet, consectetur adipiscing elit.</p>",
      }
    }
  />
  <button
    className="close"
    onClick={[Function]}
  >
    âœ–
  </button>
</div>
`;
