// Jest Snapshot v1, https://goo.gl/fbAQLP

exports[`Map renders snapshot 1`] = `
<div
  className="container"
>
  <div
    className="controls"
  />
</div>
`;
