// Jest Snapshot v1, https://goo.gl/fbAQLP

exports[`Layout renders Footer 1`] = `
<footer
  className="footer"
>
  <ul
    className="footerList"
  >
    <li
      className="footerListItem"
    >
      <a
        className="footerItem"
        onClick={[Function]}
        style={Object {}}
      >
        <span
          className="footerItemText"
        >
          My toilet preferences
        </span>
      </a>
    </li>
    <li
      className="footerListItem"
    >
      <a
        className="footerItem"
        onClick={[Function]}
        style={Object {}}
      >
        <span
          className="footerItemText"
        >
          About this project
        </span>
      </a>
    </li>
  </ul>
</footer>
`;

exports[`Layout renders Header 1`] = `
<header
  className="header"
>
  <a
    className="logoWrapper"
    onClick={[Function]}
    style={Object {}}
    title="Go to home page"
  >
    <img
      alt="'The Great British Toilet Map' logo"
      className="logo"
      src="logo.svg"
    />
    <span
      className="title"
    >
      The Great British 
      <span>
        Public Toilet Map
      </span>
    </span>
  </a>
  <a
    className="donate"
    href="http://web.rca.ac.uk/greatbritishpublictoiletmap"
    rel="noopener noreferrer"
    target="_blank"
  >
    Give a pound to spend a penny!
  </a>
</header>
`;
